
> packintel@0.1.0 dev
> next dev

   ▲ Next.js 15.5.23
   - Local:        http://localhost:3000
   - Network:      http://10.133.81.30:3000
   - Environments: .env.local
   - Experiments (use with caution):
     · optimizePackageImports

 ✓ Starting...
 ✓ Ready in 3.9s
 ○ Compiling / ...
 ✓ Compiled / in 11.6s (747 modules)
 ✓ Compiled in 1780ms (296 modules)
 GET / 200 in 13538ms
 GET / 200 in 1059ms
 ○ Compiling /login ...
 ✓ Compiled /login in 1413ms (459 modules)
 ✓ Compiled in 597ms (285 modules)
 GET /icon.svg?ab7577bf9d99e304 200 in 2649ms
 GET /login 200 in 2959ms
 GET /login 200 in 1587ms
 ○ Compiling /middleware ...
 ✓ Compiled /middleware in 1383ms (115 modules)
 ○ Compiling /dashboard ...
 ✓ Compiled /dashboard in 1937ms (766 modules)
 GET /dashboard 200 in 2411ms
 GET /dashboard 200 in 74ms
 ○ Compiling /scan/new ...
 ✓ Compiled /scan/new in 2.1s (846 modules)
 GET /scan/new 200 in 2337ms
